---
source: crates/lexer/src/lib.rs
expression: "&tokens"
---
- span:
    line: 0
    start: 0
    end: 6
  value: ~
  kind: struct
- span:
    line: 0
    start: 7
    end: 10
  value:
    String: Foo
  kind: identifier
- span:
    line: 0
    start: 11
    end: 12
  value: ~
  kind: "{"
- span:
    line: 1
    start: 14
    end: 17
  value:
    String: foo
  kind: identifier
- span:
    line: 1
    start: 18
    end: 19
  value: ~
  kind: "@"
- span:
    line: 1
    start: 19
    end: 22
  value: ~
  kind: i32
- span:
    line: 1
    start: 22
    end: 23
  value: ~
  kind: "!"
- span:
    line: 1
    start: 23
    end: 24
  value: ~
  kind: ","
- span:
    line: 2
    start: 26
    end: 29
  value:
    String: bar
  kind: identifier
- span:
    line: 2
    start: 30
    end: 31
  value: ~
  kind: "@"
- span:
    line: 2
    start: 31
    end: 34
  value: ~
  kind: i64
- span:
    line: 2
    start: 34
    end: 35
  value: ~
  kind: ","
- span:
    line: 3
    start: 36
    end: 37
  value: ~
  kind: "}"
- span:
    line: 5
    start: 39
    end: 42
  value: ~
  kind: fun
- span:
    line: 5
    start: 43
    end: 47
  value:
    String: init
  kind: identifier
- span:
    line: 5
    start: 47
    end: 48
  value: ~
  kind: (
- span:
    line: 5
    start: 48
    end: 52
  value: ~
  kind: self
- span:
    line: 5
    start: 53
    end: 54
  value: ~
  kind: "@"
- span:
    line: 5
    start: 54
    end: 57
  value:
    String: Foo
  kind: identifier
- span:
    line: 5
    start: 57
    end: 58
  value: ~
  kind: "!"
- span:
    line: 5
    start: 58
    end: 59
  value: ~
  kind: )
- span:
    line: 5
    start: 60
    end: 61
  value: ~
  kind: "@"
- span:
    line: 5
    start: 61
    end: 65
  value:
    String: void
  kind: identifier
- span:
    line: 5
    start: 66
    end: 67
  value: ~
  kind: "{"
- span:
    line: 6
    start: 69
    end: 73
  value: ~
  kind: self
- span:
    line: 6
    start: 73
    end: 74
  value: ~
  kind: "."
- span:
    line: 6
    start: 74
    end: 77
  value:
    String: foo
  kind: identifier
- span:
    line: 6
    start: 78
    end: 79
  value: ~
  kind: "="
- span:
    line: 6
    start: 80
    end: 82
  value:
    Integer: 42
  kind: int
- span:
    line: 6
    start: 82
    end: 83
  value: ~
  kind: ;
- span:
    line: 7
    start: 84
    end: 85
  value: ~
  kind: "}"
- span:
    line: 9
    start: 87
    end: 93
  value: ~
  kind: struct
- span:
    line: 9
    start: 94
    end: 98
  value:
    String: Test
  kind: identifier
- span:
    line: 9
    start: 99
    end: 100
  value: ~
  kind: "{"
- span:
    line: 10
    start: 103
    end: 108
  value:
    String: hello
  kind: identifier
- span:
    line: 10
    start: 109
    end: 110
  value: ~
  kind: "@"
- span:
    line: 10
    start: 110
    end: 113
  value: ~
  kind: i64
- span:
    line: 10
    start: 113
    end: 114
  value: ~
  kind: "!"
- span:
    line: 10
    start: 114
    end: 115
  value: ~
  kind: ","
- span:
    line: 11
    start: 117
    end: 122
  value:
    String: world
  kind: identifier
- span:
    line: 11
    start: 123
    end: 124
  value: ~
  kind: "@"
- span:
    line: 11
    start: 124
    end: 127
  value: ~
  kind: i64
- span:
    line: 11
    start: 127
    end: 128
  value: ~
  kind: "!"
- span:
    line: 11
    start: 128
    end: 129
  value: ~
  kind: ","
- span:
    line: 12
    start: 131
    end: 134
  value:
    String: foo
  kind: identifier
- span:
    line: 12
    start: 135
    end: 136
  value: ~
  kind: "@"
- span:
    line: 12
    start: 136
    end: 139
  value:
    String: Foo
  kind: identifier
- span:
    line: 12
    start: 139
    end: 140
  value: ~
  kind: ","
- span:
    line: 13
    start: 141
    end: 142
  value: ~
  kind: "}"
- span:
    line: 15
    start: 144
    end: 147
  value: ~
  kind: fun
- span:
    line: 15
    start: 148
    end: 152
  value:
    String: init
  kind: identifier
- span:
    line: 15
    start: 152
    end: 153
  value: ~
  kind: (
- span:
    line: 15
    start: 153
    end: 157
  value: ~
  kind: self
- span:
    line: 15
    start: 158
    end: 159
  value: ~
  kind: "@"
- span:
    line: 15
    start: 159
    end: 163
  value:
    String: Test
  kind: identifier
- span:
    line: 15
    start: 163
    end: 164
  value: ~
  kind: "!"
- span:
    line: 15
    start: 164
    end: 165
  value: ~
  kind: )
- span:
    line: 15
    start: 166
    end: 167
  value: ~
  kind: "@"
- span:
    line: 15
    start: 167
    end: 171
  value:
    String: void
  kind: identifier
- span:
    line: 15
    start: 172
    end: 173
  value: ~
  kind: "{"
- span:
    line: 16
    start: 175
    end: 179
  value: ~
  kind: self
- span:
    line: 16
    start: 179
    end: 180
  value: ~
  kind: "."
- span:
    line: 16
    start: 180
    end: 185
  value:
    String: hello
  kind: identifier
- span:
    line: 16
    start: 186
    end: 187
  value: ~
  kind: "="
- span:
    line: 16
    start: 188
    end: 190
  value:
    Integer: 21
  kind: int
- span:
    line: 16
    start: 190
    end: 191
  value: ~
  kind: ;
- span:
    line: 17
    start: 193
    end: 197
  value: ~
  kind: self
- span:
    line: 17
    start: 197
    end: 198
  value: ~
  kind: "."
- span:
    line: 17
    start: 198
    end: 203
  value:
    String: world
  kind: identifier
- span:
    line: 17
    start: 204
    end: 205
  value: ~
  kind: "="
- span:
    line: 17
    start: 206
    end: 208
  value:
    Integer: 21
  kind: int
- span:
    line: 17
    start: 208
    end: 209
  value: ~
  kind: ;
- span:
    line: 18
    start: 210
    end: 211
  value: ~
  kind: "}"
- span:
    line: 20
    start: 213
    end: 216
  value: ~
  kind: fun
- span:
    line: 20
    start: 217
    end: 220
  value:
    String: add
  kind: identifier
- span:
    line: 20
    start: 220
    end: 221
  value: ~
  kind: (
- span:
    line: 20
    start: 221
    end: 225
  value: ~
  kind: self
- span:
    line: 20
    start: 226
    end: 227
  value: ~
  kind: "@"
- span:
    line: 20
    start: 227
    end: 231
  value:
    String: Test
  kind: identifier
- span:
    line: 20
    start: 231
    end: 232
  value: ~
  kind: )
- span:
    line: 20
    start: 233
    end: 234
  value: ~
  kind: "@"
- span:
    line: 20
    start: 234
    end: 237
  value: ~
  kind: i64
- span:
    line: 20
    start: 238
    end: 239
  value: ~
  kind: "{"
- span:
    line: 21
    start: 241
    end: 245
  value: ~
  kind: self
- span:
    line: 21
    start: 245
    end: 246
  value: ~
  kind: "."
- span:
    line: 21
    start: 246
    end: 251
  value:
    String: hello
  kind: identifier
- span:
    line: 21
    start: 252
    end: 253
  value: ~
  kind: +
- span:
    line: 21
    start: 254
    end: 258
  value: ~
  kind: self
- span:
    line: 21
    start: 258
    end: 259
  value: ~
  kind: "."
- span:
    line: 21
    start: 259
    end: 264
  value:
    String: world
  kind: identifier
- span:
    line: 21
    start: 265
    end: 266
  value: ~
  kind: +
- span:
    line: 21
    start: 267
    end: 271
  value: ~
  kind: self
- span:
    line: 21
    start: 271
    end: 272
  value: ~
  kind: "."
- span:
    line: 21
    start: 272
    end: 275
  value:
    String: foo
  kind: identifier
- span:
    line: 21
    start: 275
    end: 276
  value: ~
  kind: "."
- span:
    line: 21
    start: 276
    end: 279
  value:
    String: foo
  kind: identifier
- span:
    line: 21
    start: 280
    end: 281
  value: ~
  kind: +
- span:
    line: 21
    start: 282
    end: 286
  value: ~
  kind: self
- span:
    line: 21
    start: 286
    end: 287
  value: ~
  kind: "."
- span:
    line: 21
    start: 287
    end: 290
  value:
    String: foo
  kind: identifier
- span:
    line: 21
    start: 290
    end: 291
  value: ~
  kind: "."
- span:
    line: 21
    start: 291
    end: 294
  value:
    String: bar
  kind: identifier
- span:
    line: 22
    start: 295
    end: 296
  value: ~
  kind: "}"
- span:
    line: 24
    start: 298
    end: 301
  value: ~
  kind: fun
- span:
    line: 24
    start: 302
    end: 306
  value:
    String: main
  kind: identifier
- span:
    line: 24
    start: 306
    end: 307
  value: ~
  kind: (
- span:
    line: 24
    start: 307
    end: 308
  value: ~
  kind: )
- span:
    line: 24
    start: 309
    end: 310
  value: ~
  kind: "@"
- span:
    line: 24
    start: 310
    end: 313
  value: ~
  kind: i32
- span:
    line: 24
    start: 314
    end: 315
  value: ~
  kind: "{"
- span:
    line: 25
    start: 317
    end: 320
  value: ~
  kind: let
- span:
    line: 25
    start: 321
    end: 325
  value:
    String: test
  kind: identifier
- span:
    line: 25
    start: 326
    end: 327
  value: ~
  kind: "@"
- span:
    line: 25
    start: 327
    end: 330
  value: ~
  kind: i32
- span:
    line: 25
    start: 331
    end: 332
  value: ~
  kind: "="
- span:
    line: 25
    start: 333
    end: 334
  value:
    Integer: 0
  kind: int
- span:
    line: 25
    start: 334
    end: 335
  value: ~
  kind: ;
- span:
    line: 26
    start: 337
    end: 341
  value:
    String: test
  kind: identifier
- span:
    line: 27
    start: 342
    end: 343
  value: ~
  kind: "}"

